[backblue.gif]
[fade.gif]
[index.html]
[centromedicomujer.com.ar/themes/medicate/html/images/favicon.ico]
[centromedicomujer.com.ar/themes/medicate/html/images/logo.png]
[centromedicomujer.com.ar/themes/medicate/html/rev/assets/1-51.jpg]
[centromedicomujer.com.ar/themes/medicate/html/rev/assets/2-51.jpg]
[centromedicomujer.com.ar/themes/medicate/html/rev/assets/3-2.jpg]
[centromedicomujer.com.ar/themes/medicate/html/images/About-us/1.jpg]
[centromedicomujer.com.ar/themes/medicate/html/images/services/1.jpg]
[centromedicomujer.com.ar/themes/medicate/html/images/services/2.jpg]
[centromedicomujer.com.ar/themes/medicate/html/images/services/3.jpg]
[centromedicomujer.com.ar/themes/medicate/html/images/1.jpg]
[centromedicomujer.com.ar/themes/medicate/html/images/portfolio/slider/1.jpg]
[centromedicomujer.com.ar/themes/medicate/html/images/portfolio/slider/2.jpg]
[centromedicomujer.com.ar/themes/medicate/html/images/portfolio/slider/3.jpg]
[centromedicomujer.com.ar/themes/medicate/html/images/portfolio/slider/4.jpg]
[centromedicomujer.com.ar/themes/medicate/html/images/portfolio/slider/5.jpg]
[centromedicomujer.com.ar/themes/medicate/html/images/portfolio/slider/6.jpg]
[centromedicomujer.com.ar/themes/medicate/html/images/process/1.png]
[centromedicomujer.com.ar/themes/medicate/html/images/process/2.png]
[centromedicomujer.com.ar/themes/medicate/html/images/process/3.png]
[centromedicomujer.com.ar/themes/medicate/html/images/process/4.png]
[centromedicomujer.com.ar/themes/medicate/html/images/team/1.jpg]
[centromedicomujer.com.ar/themes/medicate/html/images/team/2.jpg]
[centromedicomujer.com.ar/themes/medicate/html/images/team/3.jpg]
[centromedicomujer.com.ar/themes/medicate/html/images/team/4.jpg]
[centromedicomujer.com.ar/themes/medicate/html/images/team/5.jpg]
[centromedicomujer.com.ar/themes/medicate/html/images/2.png]
[centromedicomujer.com.ar/themes/medicate/html/images/testimonial/1.png]
[centromedicomujer.com.ar/themes/medicate/html/images/testimonial/2.png]
[centromedicomujer.com.ar/themes/medicate/html/images/testimonial/3.png]
[centromedicomujer.com.ar/themes/medicate/html/images/client/1.png]
[centromedicomujer.com.ar/themes/medicate/html/images/client/2.png]
[centromedicomujer.com.ar/themes/medicate/html/images/client/3.png]
[centromedicomujer.com.ar/themes/medicate/html/images/client/4.png]
[centromedicomujer.com.ar/themes/medicate/html/images/client/5.png]
[centromedicomujer.com.ar/themes/medicate/html/images/blog/1.jpg]
[centromedicomujer.com.ar/themes/medicate/html/images/blog/2.jpg]
[centromedicomujer.com.ar/themes/medicate/html/images/blog/3.jpg]
[centromedicomujer.com.ar/themes/medicate/html/images/blog/4.jpg]
[centromedicomujer.com.ar/themes/medicate/html/images/blog/5.jpg]
[centromedicomujer.com.ar/themes/medicate/html/images/blog/6.jpg]
[centromedicomujer.com.ar/themes/medicate/html/images/blog/7.jpg]
[centromedicomujer.com.ar/themes/medicate/html/images/blog/8.jpg]
[centromedicomujer.com.ar/themes/medicate/html/images/blog/9.jpg]
[centromedicomujer.com.ar/themes/medicate/html/images/Subscribe.png]
[centromedicomujer.com.ar/themes/medicate/html/images/footer_logo.png]
[centromedicomujer.com.ar/themes/medicate/html/images/footer-image/1.jpg]
[centromedicomujer.com.ar/themes/medicate/html/images/footer-image/2.jpg]
[centromedicomujer.com.ar/themes/medicate/html/js/jquery.min.js]
[centromedicomujer.com.ar/themes/medicate/html/js/bootstrap.min.js]
[centromedicomujer.com.ar/themes/medicate/html/js/owl.carousel.min.js]
[centromedicomujer.com.ar/themes/medicate/html/js/progressbar.js]
[centromedicomujer.com.ar/themes/medicate/html/js/isotope.pkgd.min.js]
[centromedicomujer.com.ar/themes/medicate/html/js/jquery.countTo.min.js]
[centromedicomujer.com.ar/themes/medicate/html/js/jquery.magnific-popup.min.js]
[centromedicomujer.com.ar/themes/medicate/html/js/wow.min.js]
[centromedicomujer.com.ar/themes/medicate/html/rev/js/rbtools.min.js]
[centromedicomujer.com.ar/themes/medicate/html/rev/js/rs6.min.js]
[centromedicomujer.com.ar/themes/medicate/html/js/rev-custom.js]
[centromedicomujer.com.ar/themes/medicate/html/js/custom.js]
[centromedicomujer.com.ar/themes/medicate/html/index.html]
[centromedicomujer.com.ar/themes/medicate/html/css/bootstrap.min.css]
[centromedicomujer.com.ar/themes/medicate/html/rev/fonts/pe-icon-7-stroke/fonts/Pe-icon-7-strokebb1d.eot]
[centromedicomujer.com.ar/themes/medicate/html/rev/fonts/pe-icon-7-stroke/fonts/Pe-icon-7-stroked41d.eot]
[centromedicomujer.com.ar/themes/medicate/html/rev/fonts/pe-icon-7-stroke/fonts/Pe-icon-7-strokebb1d.woff]
[centromedicomujer.com.ar/themes/medicate/html/rev/fonts/pe-icon-7-stroke/fonts/Pe-icon-7-strokebb1d.ttf]
[centromedicomujer.com.ar/themes/medicate/html/rev/fonts/pe-icon-7-stroke/css/pe-icon-7-stroke.css]
[centromedicomujer.com.ar/themes/medicate/html/rev/fonts/font-awesome/fonts/fontawesome-webfont3e6e.eot]
[centromedicomujer.com.ar/themes/medicate/html/rev/fonts/font-awesome/fonts/fontawesome-webfontd41d.eot]
[centromedicomujer.com.ar/themes/medicate/html/rev/fonts/font-awesome/fonts/fontawesome-webfont3e6e.woff2]
[centromedicomujer.com.ar/themes/medicate/html/rev/fonts/font-awesome/fonts/fontawesome-webfont3e6e.woff]
[centromedicomujer.com.ar/themes/medicate/html/rev/fonts/font-awesome/fonts/fontawesome-webfont3e6e.ttf]
[centromedicomujer.com.ar/themes/medicate/html/rev/fonts/font-awesome/css/font-awesome.css]
[centromedicomujer.com.ar/themes/medicate/html/rev/fonts/revicons/revicons90c6.eot]
[centromedicomujer.com.ar/themes/medicate/html/rev/fonts/revicons/revicons90c6.woff]
[centromedicomujer.com.ar/themes/medicate/html/rev/fonts/revicons/revicons90c6.ttf]
[centromedicomujer.com.ar/themes/medicate/html/rev/css/rs6.css]
[centromedicomujer.com.ar/themes/medicate/html/css/owl.carousel.min.css]
[centromedicomujer.com.ar/themes/medicate/html/css/progressbar.css]
[centromedicomujer.com.ar/themes/medicate/html/css/animations.min.css]
[centromedicomujer.com.ar/themes/medicate/html/css/magnific-popup.min.css]
[centromedicomujer.com.ar/themes/medicate/html/fonts/font-awesome/webfonts/fa-brands-400.woff2]
[centromedicomujer.com.ar/themes/medicate/html/fonts/font-awesome/webfonts/fa-brands-400.ttf]
[centromedicomujer.com.ar/themes/medicate/html/fonts/font-awesome/webfonts/fa-regular-400.woff2]
[centromedicomujer.com.ar/themes/medicate/html/fonts/font-awesome/webfonts/fa-regular-400.ttf]
[centromedicomujer.com.ar/themes/medicate/html/fonts/font-awesome/webfonts/fa-solid-900.woff2]
[centromedicomujer.com.ar/themes/medicate/html/fonts/font-awesome/webfonts/fa-solid-900.ttf]
[centromedicomujer.com.ar/themes/medicate/html/fonts/font-awesome/css/all.min.css]
[centromedicomujer.com.ar/themes/medicate/html/fonts/flaticon/flaticon7a30.ttf]
[centromedicomujer.com.ar/themes/medicate/html/fonts/flaticon/flaticon7a30.woff]
[centromedicomujer.com.ar/themes/medicate/html/fonts/flaticon/flaticon7a30.woff2]
[centromedicomujer.com.ar/themes/medicate/html/fonts/flaticon/flaticon7a30.eot]
[centromedicomujer.com.ar/themes/medicate/html/fonts/flaticon/flaticon.css]
[centromedicomujer.com.ar/themes/medicate/html/fonts/ionicons/ionicons28b5.eot]
[centromedicomujer.com.ar/themes/medicate/html/fonts/ionicons/ionicons28b5.ttf]
[centromedicomujer.com.ar/themes/medicate/html/fonts/ionicons/ionicons28b5.woff]
[centromedicomujer.com.ar/themes/medicate/html/css/ionicons.min.css]
[centromedicomujer.com.ar/themes/medicate/html/fonts/themify-icons/themify9f24.eot]
[centromedicomujer.com.ar/themes/medicate/html/fonts/themify-icons/themifyd41d.eot]
[centromedicomujer.com.ar/themes/medicate/html/fonts/themify-icons/themify9f24.woff]
[centromedicomujer.com.ar/themes/medicate/html/fonts/themify-icons/themify9f24.ttf]
[centromedicomujer.com.ar/themes/medicate/html/fonts/themify-icons/themify-icons.css]
[centromedicomujer.com.ar/themes/medicate/html/images/bg-1.png]
[centromedicomujer.com.ar/themes/medicate/html/images/medical-skills/1.jpg]
[centromedicomujer.com.ar/themes/medicate/html/images/Whoweare/1.png]
[centromedicomujer.com.ar/themes/medicate/html/images/process/bg.png]
[centromedicomujer.com.ar/themes/medicate/html/images/video-img-2.jpg]
[centromedicomujer.com.ar/themes/medicate/html/css/style.css]
[centromedicomujer.com.ar/themes/medicate/html/css/responsive.css]
[centromedicomujer.com.ar/themes/medicate/html/rev/assets/2-61-1.jpg]
[centromedicomujer.com.ar/themes/medicate/html/rev/assets/1-61.jpg]
[centromedicomujer.com.ar/themes/medicate/html/rev/assets/31.jpg]
[centromedicomujer.com.ar/themes/medicate/html/images/services/4.jpg]
[centromedicomujer.com.ar/themes/medicate/html/images/services/5.jpg]
[centromedicomujer.com.ar/themes/medicate/html/images/services/6.jpg]
[centromedicomujer.com.ar/themes/medicate/html/images/About-us/2.jpg]
[centromedicomujer.com.ar/themes/medicate/html/images/About-us/3.jpg]
[centromedicomujer.com.ar/themes/medicate/html/images/portfolio/slider/7.jpg]
[centromedicomujer.com.ar/themes/medicate/html/images/portfolio/slider/8.jpg]
[centromedicomujer.com.ar/themes/medicate/html/images/portfolio/slider/9.jpg]
[centromedicomujer.com.ar/themes/medicate/html/images/tab/1.jpg]
[centromedicomujer.com.ar/themes/medicate/html/images/tab/2.jpg]
[centromedicomujer.com.ar/themes/medicate/html/images/tab/3.jpg]
[centromedicomujer.com.ar/themes/medicate/html/images/tab/4.jpg]
[centromedicomujer.com.ar/themes/medicate/html/images/tab/5.jpg]
[centromedicomujer.com.ar/themes/medicate/html/images/2.jpg]
[centromedicomujer.com.ar/themes/medicate/html/images/client/w1.png]
[centromedicomujer.com.ar/themes/medicate/html/images/client/w2.png]
[centromedicomujer.com.ar/themes/medicate/html/images/client/w3.png]
[centromedicomujer.com.ar/themes/medicate/html/images/client/w4.png]
[centromedicomujer.com.ar/themes/medicate/html/images/client/w5.png]
[centromedicomujer.com.ar/themes/medicate/html/images/testimonial/t3.png]
[centromedicomujer.com.ar/themes/medicate/html/images/testimonial/t4.png]
[centromedicomujer.com.ar/themes/medicate/html/images/testimonial/t2.png]
[centromedicomujer.com.ar/themes/medicate/html/images/testimonial/t1.png]
[centromedicomujer.com.ar/themes/medicate/html/images/from-img.jpg]
[centromedicomujer.com.ar/themes/medicate/html/js/jquery.mCustomScrollbar.min.js]
[centromedicomujer.com.ar/themes/medicate/html/index-2.html]
[centromedicomujer.com.ar/themes/medicate/html/rev/assets/1-6.jpg]
[centromedicomujer.com.ar/themes/medicate/html/rev/assets/2-6.jpg]
[centromedicomujer.com.ar/themes/medicate/html/rev/assets/3-4.jpg]
[centromedicomujer.com.ar/themes/medicate/html/images/About-us/4.jpg]
[centromedicomujer.com.ar/themes/medicate/html/images/sign.png]
[centromedicomujer.com.ar/themes/medicate/html/images/skill-img.png]
[centromedicomujer.com.ar/themes/medicate/html/images/video-img.jpg]
[centromedicomujer.com.ar/themes/medicate/html/images/testimonial/4.png]
[centromedicomujer.com.ar/themes/medicate/html/images/testimonial/5.png]
[centromedicomujer.com.ar/themes/medicate/html/images/from3.jpg]
[centromedicomujer.com.ar/themes/medicate/html/index-3.html]
[centromedicomujer.com.ar/themes/medicate/html/rev/assets/1-7.jpg]
[centromedicomujer.com.ar/themes/medicate/html/rev/assets/2-7.jpg]
[centromedicomujer.com.ar/themes/medicate/html/rev/assets/3-5.jpg]
[centromedicomujer.com.ar/themes/medicate/html/images/health/1.jpg]
[centromedicomujer.com.ar/themes/medicate/html/images/health/2.jpg]
[centromedicomujer.com.ar/themes/medicate/html/images/clinic/1.jpg]
[centromedicomujer.com.ar/themes/medicate/html/images/services/1.png]
[centromedicomujer.com.ar/themes/medicate/html/index-4.html]
[centromedicomujer.com.ar/themes/medicate/html/rev/assets/1-51-dark.jpg]
[centromedicomujer.com.ar/themes/medicate/html/rev/assets/png-2-1.png]
[centromedicomujer.com.ar/themes/medicate/html/rev/assets/11.png]
[centromedicomujer.com.ar/themes/medicate/html/rev/assets/unnamed-file.png]
[centromedicomujer.com.ar/themes/medicate/html/rev/assets/2-51-dark.jpg]
[centromedicomujer.com.ar/themes/medicate/html/rev/assets/png-1.png]
[centromedicomujer.com.ar/themes/medicate/html/rev/assets/3-4-dark.jpg]
[centromedicomujer.com.ar/themes/medicate/html/rev/assets/png-3-1.png]
[centromedicomujer.com.ar/themes/medicate/html/images/care/2.png]
[centromedicomujer.com.ar/themes/medicate/html/images/care/1.jpg]
[centromedicomujer.com.ar/themes/medicate/html/images/medical science/1.jpg]
[centromedicomujer.com.ar/themes/medicate/html/images/service/1.jpg]
[centromedicomujer.com.ar/themes/medicate/html/index-5.html]
[centromedicomujer.com.ar/themes/medicate/html/rev/assets/transparent.png]
[centromedicomujer.com.ar/themes/medicate/html/rev/assets/petan-1.png]
[centromedicomujer.com.ar/themes/medicate/html/rev/assets/1-21.jpg]
[centromedicomujer.com.ar/themes/medicate/html/rev/assets/1..jpg]
[centromedicomujer.com.ar/themes/medicate/html/rev/assets/2-61.jpg]
[centromedicomujer.com.ar/themes/medicate/html/images/About-us/5.jpg]
[centromedicomujer.com.ar/themes/medicate/html/images/3.jpg]
[centromedicomujer.com.ar/themes/medicate/html/index-6.html]
[centromedicomujer.com.ar/themes/medicate/html/rev/assets/1-8.jpg]
[centromedicomujer.com.ar/themes/medicate/html/rev/assets/2-4.jpg]
[centromedicomujer.com.ar/themes/medicate/html/rev/assets/3-2-1.jpg]
[centromedicomujer.com.ar/themes/medicate/html/images/About-us/6.jpg]
[centromedicomujer.com.ar/themes/medicate/html/images/About-us/7.jpg]
[centromedicomujer.com.ar/themes/medicate/html/images/visit/1.jpg]
[centromedicomujer.com.ar/themes/medicate/html/index-7.html]
[centromedicomujer.com.ar/themes/medicate/html/rev/assets/1-5.jpg]
[centromedicomujer.com.ar/themes/medicate/html/rev/assets/2-2.jpg]
[centromedicomujer.com.ar/themes/medicate/html/rev/assets/3-1.jpg]
[centromedicomujer.com.ar/themes/medicate/html/images/About-us/8.jpg]
[centromedicomujer.com.ar/themes/medicate/html/images/About-us/9.jpg]
[centromedicomujer.com.ar/themes/medicate/html/images/team/5.png]
[centromedicomujer.com.ar/themes/medicate/html/images/team/4.png]
[centromedicomujer.com.ar/themes/medicate/html/images/team/3.png]
[centromedicomujer.com.ar/themes/medicate/html/images/team/2.png]
[centromedicomujer.com.ar/themes/medicate/html/images/team/1.png]
[centromedicomujer.com.ar/themes/medicate/html/images/testimonial.png]
[centromedicomujer.com.ar/themes/medicate/html/index-8.html]
[centromedicomujer.com.ar/themes/medicate/html/rev/assets/1.jpg]
[centromedicomujer.com.ar/themes/medicate/html/rev/assets/2.jpg]
[centromedicomujer.com.ar/themes/medicate/html/rev/assets/3.jpg]
[centromedicomujer.com.ar/themes/medicate/html/images/service/2.jpg]
[centromedicomujer.com.ar/themes/medicate/html/images/service/3.jpg]
[centromedicomujer.com.ar/themes/medicate/html/images/service/4.jpg]
[centromedicomujer.com.ar/themes/medicate/html/images/About-us/10.jpg]
[centromedicomujer.com.ar/themes/medicate/html/js/calculator.js]
[centromedicomujer.com.ar/themes/medicate/html/index-9.html]
[centromedicomujer.com.ar/themes/medicate/html/images/breadcrumb.jpg]
[centromedicomujer.com.ar/themes/medicate/html/about-us.html]
[centromedicomujer.com.ar/themes/medicate/html/our-services.html]
[centromedicomujer.com.ar/themes/medicate/html/our-process.html]
[centromedicomujer.com.ar/themes/medicate/html/our-plan.html]
[centromedicomujer.com.ar/themes/medicate/html/doctor-1.html]
[centromedicomujer.com.ar/themes/medicate/html/images/single-team.jpg]
[centromedicomujer.com.ar/themes/medicate/html/our-doctor.html]
[centromedicomujer.com.ar/themes/medicate/html/images/appoinment.png]
[centromedicomujer.com.ar/themes/medicate/html/make-appoinment.html]
[centromedicomujer.com.ar/themes/medicate/html/images/faq.jpg]
[centromedicomujer.com.ar/themes/medicate/html/faq.html]
[centromedicomujer.com.ar/themes/medicate/html/404.html]
[centromedicomujer.com.ar/themes/medicate/html/images/call-img.jpg]
[centromedicomujer.com.ar/themes/medicate/html/images/service-single.jpg]
[centromedicomujer.com.ar/themes/medicate/html/angioplasty-services.html]
[centromedicomujer.com.ar/themes/medicate/html/cardiology-services.html]
[centromedicomujer.com.ar/themes/medicate/html/dental-services.html]
[centromedicomujer.com.ar/themes/medicate/html/endocrinology-services.html]
[centromedicomujer.com.ar/themes/medicate/html/eye-care-services.html]
[centromedicomujer.com.ar/themes/medicate/html/nurology-service.html]
[centromedicomujer.com.ar/themes/medicate/html/orthopaedics-services.html]
[centromedicomujer.com.ar/themes/medicate/html/rmi-services.html]
[centromedicomujer.com.ar/themes/medicate/html/standard.html]
[centromedicomujer.com.ar/themes/medicate/html/masonry.html]
[centromedicomujer.com.ar/themes/medicate/html/2-column.html]
[centromedicomujer.com.ar/themes/medicate/html/3-column.html]
[centromedicomujer.com.ar/themes/medicate/html/3-column-wide.html]
[centromedicomujer.com.ar/themes/medicate/html/4-column-wide.html]
[centromedicomujer.com.ar/themes/medicate/html/2-column-slider.html]
[centromedicomujer.com.ar/themes/medicate/html/3-column-slider.html]
[centromedicomujer.com.ar/themes/medicate/html/3-column-slider-wide.html]
[centromedicomujer.com.ar/themes/medicate/html/4-column-slider.html]
[centromedicomujer.com.ar/themes/medicate/html/4-column-slider-wide.html]
[centromedicomujer.com.ar/themes/medicate/html/images/portfolio/single-portfolio.jpg]
[centromedicomujer.com.ar/themes/medicate/html/home-visit.html]
[centromedicomujer.com.ar/themes/medicate/html/1-column-blog.html]
[centromedicomujer.com.ar/themes/medicate/html/2-column-blog.html]
[centromedicomujer.com.ar/themes/medicate/html/3-column-blog.html]
[centromedicomujer.com.ar/themes/medicate/html/left-sidebar.html]
[centromedicomujer.com.ar/themes/medicate/html/right-sidebar.html]
[centromedicomujer.com.ar/themes/medicate/html/images/blog/single-blog-1.jpg]
[centromedicomujer.com.ar/themes/medicate/html/images/blog/single-blog-2.jpg]
[centromedicomujer.com.ar/themes/medicate/html/images/blog/user.png]
[centromedicomujer.com.ar/themes/medicate/html/get-the-exercise-limited-mobility.html]
[centromedicomujer.com.ar/themes/medicate/html/contact-us.html]
[centromedicomujer.com.ar/themes/medicate/html/rev/fonts/pe-icon-7-stroke/fonts/Pe-icon-7-strokebb1d.svg]
[centromedicomujer.com.ar/themes/medicate/html/rev/fonts/font-awesome/fonts/fontawesome-webfont3e6e.svg]
[centromedicomujer.com.ar/themes/medicate/html/rev/fonts/revicons/revicons90c6.svg]
[centromedicomujer.com.ar/themes/medicate/html/rev/css/openhand.html]
[centromedicomujer.com.ar/themes/medicate/html/rev/css/closedhand.html]
[centromedicomujer.com.ar/themes/medicate/html/rev/assets/gridtile.html]
[centromedicomujer.com.ar/themes/medicate/html/rev/assets/gridtile_white.html]
[centromedicomujer.com.ar/themes/medicate/html/rev/assets/gridtile_3x3.html]
[centromedicomujer.com.ar/themes/medicate/html/rev/assets/gridtile_3x3_white.html]
[centromedicomujer.com.ar/themes/medicate/html/rev/assets/coloredbg.html]
[centromedicomujer.com.ar/themes/medicate/html/rev/assets/loader.html]
[centromedicomujer.com.ar/themes/medicate/html/css/owl.video.play.html]
[centromedicomujer.com.ar/themes/medicate/html/fonts/flaticon/flaticon7a30.svg]
[centromedicomujer.com.ar/themes/medicate/html/fonts/ionicons/ionicons28b5.svg]
[centromedicomujer.com.ar/themes/medicate/html/fonts/themify-icons/themify9f24.svg]
[centromedicomujer.com.ar/themes/medicate/html/css/jquery.mCustomScrollbar.min.css]
[centromedicomujer.com.ar/themes/medicate/html/nurology-services.html]
[centromedicomujer.com.ar/themes/medicate/html/Endocrinology-services-2.html]
[centromedicomujer.com.ar/themes/medicate/html/eye-car-services.html]
[centromedicomujer.com.ar/themes/medicate/html/qhome-visit.html]
[centromedicomujer.com.ar/themes/medicate/html/doctor-2.html]
[centromedicomujer.com.ar/themes/medicate/html/home-1.html]
[centromedicomujer.com.ar/themes/medicate/html/portfolio.html]
[centromedicomujer.com.ar/themes/medicate/html/css/mCSB_buttons.html]
